[somnus.mediumra.re/index.html]
[backblue.gif]
[fade.gif]
[index.html]
[somnus.mediumra.re/css/bootstrap.css]
[somnus.mediumra.re/css/flexslider.css]
[somnus.mediumra.re/css/lightbox.min.css]
[somnus.mediumra.re/css/theme.css]
[somnus.mediumra.re/img/logo-dark.png]
[somnus.mediumra.re/about.html]
[somnus.mediumra.re/news.html]
[somnus.mediumra.re/class-single.html]
[somnus.mediumra.re/timetable.html]
[somnus.mediumra.re/contact.html]
[somnus.mediumra.re/contact-form.html]
[somnus.mediumra.re/img/large2.jpg]
[somnus.mediumra.re/img/large1.jpg]
[somnus.mediumra.re/img/small1.jpg]
[somnus.mediumra.re/img/small2.jpg]
[somnus.mediumra.re/img/large7.jpg]
[s3.amazonaws.com/downloads.mailchimp.com/js/mc-validate.js]
[somnus.mediumra.re/js/jquery.min.js]
[somnus.mediumra.re/js/flexslider.min.js]
[somnus.mediumra.re/js/twitterfetcher.min.js]
[somnus.mediumra.re/js/spectragram.min.js]
[somnus.mediumra.re/js/parallax.js]
[somnus.mediumra.re/js/scrollreveal.min.js]
[somnus.mediumra.re/js/scripts.js]
[somnus.mediumra.re/index.html]
[somnus.mediumra.re/css/bootstrap.css]
[somnus.mediumra.re/css/flexslider.css]
[somnus.mediumra.re/css/themify-icons.css]
[somnus.mediumra.re/img/lightbox/close.png]
[somnus.mediumra.re/img/lightbox/loading.gif]
[somnus.mediumra.re/img/lightbox/next.png]
[somnus.mediumra.re/css/lightbox.min.css]
[somnus.mediumra.re/css/theme.css]
[somnus.mediumra.re/home-instagram.html]
[somnus.mediumra.re/img/small7.jpg]
[somnus.mediumra.re/img/small6.jpg]
[somnus.mediumra.re/img/small4.jpg]
[somnus.mediumra.re/img/small5.jpg]
[somnus.mediumra.re/about.html]
[somnus.mediumra.re/img/large5.jpg]
[somnus.mediumra.re/img/blog1.jpg]
[somnus.mediumra.re/img/blog2.jpg]
[somnus.mediumra.re/news.html]
[somnus.mediumra.re/img/large3.jpg]
[somnus.mediumra.re/class-single.html]
[somnus.mediumra.re/img/large6.jpg]
[somnus.mediumra.re/img/wide1.jpg]
[somnus.mediumra.re/timetable.html]
[somnus.mediumra.re/img/tall1.jpg]
[somnus.mediumra.re/contact.html]
[somnus.mediumra.re/contact-form.html]
[somnus.mediumra.re/img/small3.jpg]
[somnus.mediumra.re/js/jquery.min.js]
[somnus.mediumra.re/js/bootstrap.min.js]
[somnus.mediumra.re/js/flexslider.min.js]
[somnus.mediumra.re/js/twitterfetcher.min.js]
[somnus.mediumra.re/utility.html]
[somnus.mediumra.re/js/spectragram.min.js]
[somnus.mediumra.re/js/parallax.js]
[somnus.mediumra.re/js/scrollreveal.min.js]
[www.google-analytics.com/analytics.js]
[somnus.mediumra.re/js/scripts.js]
[somnus.mediumra.re/index-2.html]
[somnus.mediumra.re/fonts/glyphicons-halflings-regulard41d.html]
[somnus.mediumra.re/fonts/glyphicons-halflings-regular.html]
[somnus.mediumra.re/fonts/glyphicons-halflings-regular-2.html]
[somnus.mediumra.re/fonts/glyphicons-halflings-regular-3.html]
[somnus.mediumra.re/fonts/themify9f24.woff]
[somnus.mediumra.re/fonts/themify9f24.eot]
[somnus.mediumra.re/fonts/themifyd41d.eot]
[somnus.mediumra.re/css/themify-icons.css]
[somnus.mediumra.re/css/custom.css]
[somnus.mediumra.re/home-instagram.html]
[somnus.mediumra.re/fonts/themify9f24.ttf]
[somnus.mediumra.re/utility.html]
[somnus.mediumra.re/fonts/themify9f24.svg]
[somnus.mediumra.re/js/bootstrap.min.js]
[somnus.mediumra.re/index-2.html]
[somnus.mediumra.re/fonts/glyphicons-halflings-regular.eot]
[somnus.mediumra.re/fonts/themify9f24.svg]
[somnus.mediumra.re/_/cdn-images.mailchimp.com/embedcode/classic-081711.css_]
[somnus.mediumra.re/Popover requires tooltip.html]
[somnus.mediumra.re/js/lightbox.min.js]
[somnus.mediumra.re/js/lightbox.min.js]
[somnus.mediumra.re/img/lightbox/prev.png]
